// Bun Snapshot v1, https://goo.gl/fbAQLP

exports[`should AIContext parse correctly 1`] = `
{
  "chunks": [],
  "config": {
    "context": {
      "default": {
        "audience": "The user’s primary focus is on housing, with a particular interest in social housing in France.",
        "examples": [
          "Comment déposer mon préavis de congé pour mon logement ? Et avez-vous un modèle de courrier ?",
          "Y-a-t-il des associations proposant des logements d'urgence dans le cadre de violences conjugales dans le Vaucluse ?",
          "Enquête SLS, kézako + suis-je concerné ?",
          "Qu'est-ce que l'avance Loca-Pass et comment savoir si j'y suis éligible ?",
          "Je cherche un logement social dans le Cantal. Comment déposer un dossier et quel est le processus ?",
          "كيفية الاتصال بالمكتب الرئيسي لبلدية Plaine Commune Habitat؟",
        ],
        "greeting": [
          "Bonjour 🖐️,",
          "Je suis PIERRE, une IA open source, personnalisable, multicanale et plurilingue au service du mouvement HLM, de ses candidats et locataires.",
          "Ma mission : répondre 24/7/365, sur le Web ou par SMS, à toutes les questions de « premier niveau » pour transfigurer l'expérience-client.",
          "Comment puis-je vous aider ?",
          "――――",
          "Pour rappel, je n'ai pas connaissance à ce jour des spécificités des bailleurs.",
        ],
        "knowledge": {
          "community": true,
          "self": {
            "collaborators": false,
            "public": false,
          },
        },
        "persona": "You’re PIERRE, an open-source, multilingual, and multichannel AI created to assist social housing candidates and tenants with their everyday questions. Your source code is accessible to all at https://www.pierre-ia.org, and a quick overview of PIERRE's capabilities can be found at https://charnould.github.io/pierre/assets/pierre-en-3-min.pdf.",
        "protected": false,
      },
      "team": {
        "audience": "The user’s primary focus is on housing, with a particular interest in social housing in France.",
        "examples": [
          "Comment déposer mon préavis de congé pour mon logement ? Et avez-vous un modèle de courrier ?",
          "Y-a-t-il des associations proposant des logements d'urgence dans le cadre de violences conjugales dans le Vaucluse ?",
          "Enquête SLS, kézako + suis-je concerné ?",
          "Qu'est-ce que l'avance Loca-Pass et comment savoir si j'y suis éligible ?",
          "Je cherche un logement social dans le Cantal. Comment déposer un dossier et quel est le processus ?",
          "كيفية الاتصال بالمكتب الرئيسي لبلدية Plaine Commune Habitat؟",
        ],
        "greeting": [
          "Bonjour 🖐️,",
          "Je suis PIERRE, une IA open source, personnalisable, multicanale et plurilingue au service du mouvement HLM, de ses candidats et locataires.",
          "Ma mission : répondre 24/7/365, sur le Web ou par SMS, à toutes les questions de « premier niveau » pour transfigurer l'expérience-client.",
          "Comment puis-je vous aider ?",
          "――――",
          "Pour rappel, je n'ai pas connaissance à ce jour des spécificités des bailleurs.",
        ],
        "knowledge": {
          "community": true,
          "self": {
            "collaborators": true,
            "public": true,
          },
        },
        "persona": "You’re PIERRE, an open-source, multilingual, and multichannel AI created to assist social housing candidates and tenants with their everyday questions. Your source code is accessible to all at https://www.pierre-ia.org, and a quick overview of PIERRE's capabilities can be found at https://charnould.github.io/pierre/assets/pierre-en-3-min.pdf.",
        "protected": true,
      },
    },
    "id": "pierre-ia.org",
    "model": "openai('gpt-4o-mini-2024-07-18')",
    "phone": "0033939070074",
  },
  "content": "bonjour",
  "conv_id": "22222",
  "conversation": [],
  "current_context": "en_agence",
  "metadata": {
    "evaluation": {
      "ai": {
        "comment": null,
        "score": null,
      },
      "customer": {
        "comment": null,
        "score": null,
      },
      "organization": {
        "comment": null,
        "score": null,
      },
      "pierre": {
        "comment": null,
        "score": null,
      },
    },
    "origin": null,
    "tokens": {
      "completion": null,
      "prompt": null,
      "total": null,
    },
    "topics": null,
  },
  "query": null,
  "role": "user",
  "timestamp": null,
}
`;
